[hy.galipatstory.com/ratna-oskar/index.html]
[backblue.gif]
[fade.gif]
[index.html]
[hy.galipatstory.com/wp-content/plugins/bdthemes-element-pack/assets/css/bdt-uikit2916.css]
[hy.galipatstory.com/wp-content/plugins/bdthemes-element-pack/assets/css/ep-helperaec2.css]
[hy.galipatstory.com/wp-includes/css/dist/block-library/style.minaec2.css]
[hy.galipatstory.com/ratna-oskar/feed/index.html]
[hy.galipatstory.com/wp-content/plugins/weddingpress/assets/css/wdp-centered-timeline.minaec2.css]
[hy.galipatstory.com/wp-content/plugins/weddingpress/assets/css/wdp-horizontal-styles.minaec2.css]
[hy.galipatstory.com/wp-content/plugins/weddingpress/assets/css/wdp-fontelloaec2.css]
[hy.galipatstory.com/wp-content/plugins/weddingpress/assets/css/exad-styles.minaec2.css]
[hy.galipatstory.com/wp-content/plugins/weddingpress/addons/comment-kit2/css/cui_style8a54.css]
[hy.galipatstory.com/wp-content/plugins/elementor/assets/lib/eicons/css/elementor-icons.min7816.css]
[hy.galipatstory.com/wp-content/plugins/elementor/assets/css/frontend-lite.min1ed5.css]
[hy.galipatstory.com/wp-content/plugins/elementor-pro/assets/css/frontend-lite.min1ac1.css]
[hy.galipatstory.com/wp-content/plugins/weddingpress/assets/css/wdp521d.css]
[hy.galipatstory.com/wp-content/plugins/weddingpress/assets/css/guest-book521d.css]
[hy.galipatstory.com/wp-content/themes/landingpress-wp/styledeae.css]
[hy.galipatstory.com/wp-content/plugins/elementor/assets/lib/font-awesome/css/fontawesome.min52d5.css]
[hy.galipatstory.com/wp-content/plugins/elementor/assets/lib/font-awesome/css/regular.min52d5.css]
[hy.galipatstory.com/wp-content/plugins/elementor/assets/lib/font-awesome/css/solid.min52d5.css]
[hy.galipatstory.com/wp-content/plugins/elementor/assets/lib/font-awesome/css/brands.min52d5.css]
[hy.galipatstory.com/wp-includes/js/jquery/jquery.minf43b.js]
[hy.galipatstory.com/wp-includes/js/jquery/jquery-migrate.min5589.js]
[hy.galipatstory.com/wp-content/uploads/2022/08/cropped-Logo-Web-32x32.png]
[hy.galipatstory.com/wp-content/uploads/2022/08/cropped-Logo-Web-192x192.png]
[hy.galipatstory.com/wp-content/uploads/2022/08/cropped-Logo-Web-180x180.png]
[hy.galipatstory.com/wp-content/uploads/2023/01/Ratna-Oskar-2.png]
[hy.galipatstory.com/wp-content/uploads/2022/10/oo-removebg-preview.png]
[hy.galipatstory.com/wp-content/uploads/2023/01/Ratna-Oskar-1.png]
[hy.galipatstory.com/wp-content/uploads/2022/10/8d8d2810f5feb7bacaac823615371d9a-removebg-preview.png]
[hy.galipatstory.com/wp-content/plugins/elementor/assets/css/widget-icon-box.min.css]
[hy.galipatstory.com/wp-content/uploads/2022/10/1ff411fd52fe37c4822a6c081f2a184d-removebg-preview.png]
[hy.galipatstory.com/wp-content/uploads/2023/01/Ratna-Oskar-3.jpg]
[hy.galipatstory.com/wp-content/uploads/2023/01/Ratna-Oskar-9.jpg]
[hy.galipatstory.com/wp-content/uploads/2023/01/Ratna-Oskar-16.jpg]
[hy.galipatstory.com/wp-content/uploads/2023/01/Ratna-Oskar-11.jpg]
[hy.galipatstory.com/wp-content/uploads/2023/01/Ratna-Oskar-12.jpg]
[hy.galipatstory.com/wp-content/uploads/2023/01/Ratna-Oskar-10.jpg]
[hy.galipatstory.com/wp-content/uploads/2023/01/Ratna-Oskar-4.jpg]
[hy.galipatstory.com/wp-content/uploads/2023/01/Ratna-Oskar-5.jpg]
[hy.galipatstory.com/wp-content/uploads/2023/01/Ratna-Oskar-6.jpg]
[hy.galipatstory.com/wp-content/uploads/2023/01/Ratna-Oskar-7.jpg]
[hy.galipatstory.com/wp-content/uploads/2023/01/Ratna-Oskar-8.jpg]
[hy.galipatstory.com/wp-content/uploads/2023/01/Ratna-Oskar-13.jpg]
[hy.galipatstory.com/wp-content/uploads/2023/01/Ratna-Oskar-14.jpg]
[hy.galipatstory.com/wp-content/uploads/2023/01/Ratna-Oskar-15.jpg]
[hy.galipatstory.com/wp-content/uploads/2022/10/Bank-BCA-Logo-PNG-240p-FileVector69.png]
[hy.galipatstory.com/wp-content/uploads/2022/10/125-1.png]
[hy.galipatstory.com/wp-content/uploads/2022/10/RI-Masker.png]
[hy.galipatstory.com/wp-content/uploads/2022/10/RI-Tidak-Berjabat-Tangan.png]
[hy.galipatstory.com/wp-content/uploads/2022/10/RI-Hindari-Kemurunan.png]
[hy.galipatstory.com/wp-content/uploads/2022/10/RI-Hand-Sanitizer.png]
[hy.galipatstory.com/wp-content/uploads/2023/12/png-transparan-watermark-1-1024x1024.png]
[hy.galipatstory.com/wp-content/plugins/elementor/assets/lib/e-gallery/css/e-gallery.min7359.css]
[hy.galipatstory.com/wp-content/plugins/elementor/assets/lib/animations/animations.min1ed5.css]
[hy.galipatstory.com/wp-includes/js/comment-reply.minaec2.js]
[hy.galipatstory.com/wp-content/plugins/weddingpress/assets/js/wdp-swiper.min.js]
[hy.galipatstory.com/wp-content/plugins/weddingpress/assets/js/qr-code.js]
[hy.galipatstory.com/wp-content/plugins/weddingpress/assets/js/wdp-horizontal.js]
[hy.galipatstory.com/wp-content/plugins/weddingpress/assets/js/exad-scripts.min521d.js]
[hy.galipatstory.com/wp-content/plugins/weddingpress/addons/comment-kit2/js/cui_script8a54.js]
[hy.galipatstory.com/wp-content/plugins/weddingpress/addons/comment-kit2/js/libs/jquery.jPages.minac14.js]
[hy.galipatstory.com/wp-content/plugins/weddingpress/addons/comment-kit2/js/libs/jquery.textareaCounterd5f7.js]
[hy.galipatstory.com/wp-content/plugins/weddingpress/addons/comment-kit2/js/libs/jquery.placeholder.min5d0a.js]
[hy.galipatstory.com/wp-content/plugins/weddingpress/addons/comment-kit2/js/libs/autosize.mind50e.js]
[hy.galipatstory.com/wp-content/plugins/elementor/assets/lib/e-gallery/js/e-gallery.min7359.js]
[hy.galipatstory.com/wp-content/plugins/bdthemes-element-pack/assets/js/bdt-uikit.min2916.js]
[hy.galipatstory.com/wp-content/plugins/elementor/assets/js/webpack.runtime.min1ed5.js]
[hy.galipatstory.com/wp-content/plugins/elementor/assets/js/frontend-modules.min1ed5.js]
[hy.galipatstory.com/wp-content/plugins/elementor/assets/lib/waypoints/waypoints.min05da.js]
[hy.galipatstory.com/wp-includes/js/jquery/ui/core.min3f14.js]
[hy.galipatstory.com/wp-content/plugins/elementor/assets/js/frontend.min1ed5.js]
[hy.galipatstory.com/wp-content/plugins/bdthemes-element-pack/assets/js/common/helper.minaec2.js]
[hy.galipatstory.com/wp-content/plugins/elementor-pro/assets/js/webpack-pro.runtime.min1ac1.js]
[hy.galipatstory.com/wp-includes/js/dist/vendor/wp-polyfill-inert.min0226.js]
[hy.galipatstory.com/wp-includes/js/dist/vendor/regenerator-runtime.min6c85.js]
[hy.galipatstory.com/wp-includes/js/dist/vendor/wp-polyfill.min2c7c.js]
[hy.galipatstory.com/wp-includes/js/dist/hooks.min2ebd.js]
[hy.galipatstory.com/wp-includes/js/dist/i18n.minf92f.js]
[hy.galipatstory.com/wp-content/plugins/elementor-pro/assets/js/frontend.min1ac1.js]
[hy.galipatstory.com/wp-content/plugins/elementor-pro/assets/js/elements-handlers.min1ac1.js]
[hy.galipatstory.com/wp-content/plugins/elementor-pro/assets/lib/sticky/jquery.sticky.min1ac1.js]
[hy.galipatstory.com/wp-content/plugins/weddingpress/assets/js/wdp.min521d.js]
[hy.galipatstory.com/wp-content/plugins/weddingpress/assets/js/guest-form521d.js]
[hy.galipatstory.com/ratna-oskar/index.html]
[hy.galipatstory.com/wp-content/plugins/bdthemes-element-pack/assets/css/bdt-uikit2916.css]
[hy.galipatstory.com/wp-content/plugins/bdthemes-element-pack/assets/css/ep-helperaec2.css]
[hy.galipatstory.com/wp-includes/css/dist/block-library/style.minaec2.css]
[hy.galipatstory.com/wp-content/plugins/weddingpress/assets/css/wdp-centered-timeline.minaec2.css]
[hy.galipatstory.com/wp-content/plugins/weddingpress/assets/css/wdp-horizontal-styles.minaec2.css]
[hy.galipatstory.com/wp-content/plugins/weddingpress/assets/css/wdp-fontelloaec2.css]
[hy.galipatstory.com/wp-content/plugins/weddingpress/assets/css/exad-styles.minaec2.css]
[hy.galipatstory.com/wp-content/themes/landingpress-wp/assets/js/script.mindeae.js]
[hy.galipatstory.com/wp-content/plugins/weddingpress/addons/comment-kit2/css/fonts/cuifont7137.eot]
[hy.galipatstory.com/wp-content/plugins/weddingpress/addons/comment-kit2/css/fonts/cuifont7137.ttf]
[hy.galipatstory.com/wp-content/plugins/weddingpress/addons/comment-kit2/css/fonts/cuifont7137.woff]
[hy.galipatstory.com/wp-content/plugins/weddingpress/addons/comment-kit2/css/fonts/cuifont7137.svg]
[hy.galipatstory.com/wp-content/plugins/weddingpress/addons/comment-kit2/css/cui_style8a54.css]
[hy.galipatstory.com/wp-content/plugins/elementor/assets/lib/eicons/css/elementor-icons.min7816.css]
[hy.galipatstory.com/wp-content/plugins/elementor/assets/css/frontend-lite.min1ed5.css]
[hy.galipatstory.com/wp-content/plugins/elementor-pro/assets/css/frontend-lite.min1ac1.css]
[hy.galipatstory.com/wp-content/plugins/weddingpress/assets/css/wdp521d.css]
[hy.galipatstory.com/wp-content/plugins/weddingpress/assets/css/guest-book521d.css]
[hy.galipatstory.com/wp-content/themes/landingpress-wp/assets/images/select-arrow.png]
[hy.galipatstory.com/wp-content/themes/landingpress-wp/styledeae.css]
[hy.galipatstory.com/wp-content/plugins/elementor/assets/lib/font-awesome/css/fontawesome.min52d5.css]
[hy.galipatstory.com/wp-content/plugins/elementor/assets/lib/font-awesome/css/regular.min52d5.css]
[hy.galipatstory.com/wp-content/plugins/elementor/assets/lib/font-awesome/css/solid.min52d5.css]
[hy.galipatstory.com/wp-content/plugins/elementor/assets/lib/font-awesome/css/brands.min52d5.css]
[hy.galipatstory.com/wp-content/plugins/elementor/assets/css/widget-icon-box.min.css]
[hy.galipatstory.com/wp-content/plugins/elementor/assets/lib/e-gallery/css/e-gallery.min7359.css]
[hy.galipatstory.com/wp-content/plugins/elementor/assets/lib/animations/animations.min1ed5.css]
[hy.galipatstory.com/wp-content/plugins/weddingpress/addons/comment-kit2/css/fonts/cuifont7137.svg]
[hy.galipatstory.com/wp-content/plugins/weddingpress/addons/comment-kit2/css/images/modal_x.html]
